
// ==========================================================================
//  GPLEX error listing for lex source file <Slang.lex>
// ==========================================================================
//  Version:  1.2.2
//  Machine:  DESKTOP-U8QJ4Q2
//  DateTime: 12/31/2019 8:43:46 AM
//  UserName: gazto
// ==========================================================================


%namespace CD

%visibility internal

%option stack, classes, minimize, noparser, verbose, persistbuffer, noembedbuffers, out:SlangScanner.cs

/* 
 * Expected file format is Unicode. In the event that no 
 * byte order mark prefix is found, revert to raw bytes.
 */
%option unicode, codepage:raw


%{
		public const int TabWidth = 4;
		// yyline and yycol are useless
		int _line=1;
		int _column=1;
		long _position=0;
		// required to shut gplex up
		enum Tokens {
		EOF = -1
		}
		// foreach Token support
    	public Token Current = _InitToken();
		static Token _InitToken()
		{
			var result = default(Token);
			result.SymbolId = -4;
			result.Line = 1;
			result.Column = 1;
			result.Position = 0;
			return result;
		}
		public void UpdatePosition(string text) 
		{
			if(string.IsNullOrEmpty(text)) return;
			for(var i = 0;i<text.Length;++i) 
			{
				var ch = text[i];
				switch(ch) 
				{
					case '\n':
						++_line;
						_column=1;
						break;
					case '\r':
						_column=1;
						break;
					case '\t':
						_column+=TabWidth;
						break;
					default:
						++_column;
						break;
				}
			}
		}
		public void Advance()
		{
			Current.SymbolId = yylex();
			Current.Value = yytext;
			Current.Line = _line;
			Current.Column = _column;
			Current.Position = _position;
			
		}
		public void Close()
		{
			Current.SymbolId = -3; // _Disposed
		}
		bool _TryReadUntil(int character,StringBuilder sb)
		{
			if (-1 == code) return false;
			var chcmp = character.ToString();
			var s = char.ConvertFromUtf32(code);
			sb.Append(s);
			if (code == character)
				return true;
			while (true)
			{
				GetCode();
				if (-1 == code || code == character)
					break;
				s = char.ConvertFromUtf32(code);
				sb.Append(s);
			}
			if (-1!=code)
			{
				s = char.ConvertFromUtf32(code);
				sb.Append(s);
				if (null == tokTxt)
					tokTxt = sb.ToString();
				else
					tokTxt += sb.ToString();
				UpdatePosition(tokTxt);
				return code == character;
			}
			return false;
		}
		// reads until the string is encountered, capturing it.
		bool _TryReadUntilBlockEnd(string blockEnd)
		{
			string s = yytext;
			var sb = new StringBuilder();
			int ch = -1;
			var isPair = false;
			if (char.IsSurrogatePair(blockEnd, 0))
			{
				ch = char.ConvertToUtf32(blockEnd, 0);
				isPair = true;
			} 
			else
				ch = blockEnd[0];
			while (-1 != code && _TryReadUntil(ch,sb))
			{
				bool found = true;
				int i = 1;
				if (isPair)
					++i;
				for (; found && i < blockEnd.Length; ++i)
				{
					GetCode();
					int scmp=blockEnd[i];
					if (char.IsSurrogatePair(blockEnd, i))
					{
						scmp = char.ConvertToUtf32(blockEnd, i);
						++i;
					}
					if (-1==code || code!=scmp)
						found = false;
					else if (-1!=code)
						sb.Append(char.ConvertFromUtf32(code));
				}
				if (found)
				{
					// TODO: verify this
					GetCode();
					tokTxt = s+ sb.ToString();
					UpdatePosition(tokTxt);
					return true;
				}
			}
			tokTxt = s+sb.ToString();
			UpdatePosition(tokTxt);
			return false;
		}
%}

%%
<<EOF>>		{ return -2; }
 	{ UpdatePosition(yytext); return 287; }
//^^^^^^^^^^^^^^^^^^^^^^^^^^^^^^^^^^^^^^^
// Warning: Code between rules, ignored
// ------------------------------------
 	{ UpdatePosition(yytext); return 288; }
 	{ UpdatePosition(yytext); return 289; }
 	{ UpdatePosition(yytext); return 290; }
 	{ UpdatePosition(yytext); return 291; }
 	{ UpdatePosition(yytext); return 292; }
 	{ UpdatePosition(yytext); return 293; }
 	{ UpdatePosition(yytext); return 294; }
 	{ UpdatePosition(yytext); return 295; }
 	{ UpdatePosition(yytext); return 296; }
 	{ UpdatePosition(yytext); return 297; }
 	{ UpdatePosition(yytext); return 298; }
 	{ UpdatePosition(yytext); return 299; }
 	{ UpdatePosition(yytext); return 300; }
 	{ UpdatePosition(yytext); return 301; }
 	{ UpdatePosition(yytext); return 302; }
 	{ UpdatePosition(yytext); return 303; }
 	{ UpdatePosition(yytext); return 304; }
 	{ UpdatePosition(yytext); return 305; }
 	{ UpdatePosition(yytext); return 306; }
 	{ UpdatePosition(yytext); return 307; }
 	{ UpdatePosition(yytext); return 308; }
 	{ UpdatePosition(yytext); return 309; }
 	{ UpdatePosition(yytext); return 310; }
 	{ UpdatePosition(yytext); return 311; }
 	{ UpdatePosition(yytext); return 312; }
 	{ UpdatePosition(yytext); return 313; }
 	{ UpdatePosition(yytext); return 314; }
 	{ UpdatePosition(yytext); return 315; }
 	{ UpdatePosition(yytext); return 316; }
 	{ UpdatePosition(yytext); return 317; }
 	{ UpdatePosition(yytext); return 318; }
 	{ UpdatePosition(yytext); return 319; }
 	{ UpdatePosition(yytext); return 320; }
 	{ UpdatePosition(yytext); return 321; }
 	{ UpdatePosition(yytext); return 322; }
 	{ UpdatePosition(yytext); return 323; }
 	{ UpdatePosition(yytext); return 324; }
 	{ UpdatePosition(yytext); return 325; }
 	{ UpdatePosition(yytext); return 326; }
 	{ UpdatePosition(yytext); return 327; }
 	{ UpdatePosition(yytext); return 328; }
 	{ UpdatePosition(yytext); return 329; }
 	{ UpdatePosition(yytext); return 330; }
 	{ UpdatePosition(yytext); return 331; }
 	{ UpdatePosition(yytext); return 332; }
 	{ UpdatePosition(yytext); return 333; }
 	{ UpdatePosition(yytext); return 334; }
 	{ UpdatePosition(yytext); return 335; }
 	{ UpdatePosition(yytext); return 336; }
 	{ UpdatePosition(yytext); return 337; }
 	{ UpdatePosition(yytext); return 338; }
 	{ UpdatePosition(yytext); return 339; }
 	{ UpdatePosition(yytext); return 340; }
 	{ UpdatePosition(yytext); return 341; }
 	{ UpdatePosition(yytext); return 342; }
 	{ UpdatePosition(yytext); return 343; }
 	{ UpdatePosition(yytext); return 344; }
 	{ UpdatePosition(yytext); return 345; }
 	{ UpdatePosition(yytext); return 346; }
 	{ UpdatePosition(yytext); return 347; }
 	{ UpdatePosition(yytext); return 348; }
 	{ UpdatePosition(yytext); return 349; }
 	{ UpdatePosition(yytext); return 350; }
 	{ UpdatePosition(yytext); return 351; }
 	{ UpdatePosition(yytext); return 352; }
 	{ UpdatePosition(yytext); return 353; }
 	{ UpdatePosition(yytext); return 354; }
 	{ UpdatePosition(yytext); return 355; }
 	{ UpdatePosition(yytext); return 356; }
 	{ UpdatePosition(yytext); return 357; }
 	{ UpdatePosition(yytext); return 358; }
 	{ UpdatePosition(yytext); return 359; }
 	{ UpdatePosition(yytext); return 360; }
 	{ UpdatePosition(yytext); return 361; }
 	{ UpdatePosition(yytext); return 362; }
 	{ UpdatePosition(yytext); return 363; }
 	{ UpdatePosition(yytext); return 364; }
 	{ UpdatePosition(yytext); return 365; }
 	{ UpdatePosition(yytext); return 366; }
 	{ UpdatePosition(yytext); return 367; }
 	{ UpdatePosition(yytext); return 368; }
 	{ UpdatePosition(yytext); return 369; }
 	{ UpdatePosition(yytext); return 370; }
 	{ UpdatePosition(yytext); return 371; }
 	{ UpdatePosition(yytext); return 372; }
 	{ UpdatePosition(yytext); return 373; }
 	{ UpdatePosition(yytext); return 374; }
 	{ UpdatePosition(yytext); return 375; }
 	{ UpdatePosition(yytext); return 376; }
 	{ UpdatePosition(yytext); return 377; }
 	{ UpdatePosition(yytext); return 378; }
 	{ UpdatePosition(yytext); return 379; }
 	{ UpdatePosition(yytext); return 380; }
 	{ UpdatePosition(yytext); return 381; }
 	{ UpdatePosition(yytext); return 382; }
 	{ UpdatePosition(yytext); return 383; }
 	{ UpdatePosition(yytext); return 384; }
 	{ UpdatePosition(yytext); return 385; }
 	{ UpdatePosition(yytext); return 386; }
 	{ UpdatePosition(yytext); return 387; }
 	{ UpdatePosition(yytext); return 388; }
 	{ UpdatePosition(yytext); return 389; }
 	{ UpdatePosition(yytext); return 390; }
(_|[[:IsLetter:]])(_|[[:IsLetterOrDigit:]])* 	{ UpdatePosition(yytext); return 391; }

[\n]|[^\n]		{ UpdatePosition(yytext); return -1; }


	

// ==========================================================================

